../Core/Src/main.c:90:13:log_enqueue	16	static
../Core/Src/main.c:111:5:main	184	static
../Core/Src/main.c:204:6:SystemClock_Config	88	static
../Core/Src/main.c:253:13:MX_ADC1_Init	24	static
../Core/Src/main.c:318:13:MX_RTC_Init	32	static
../Core/Src/main.c:377:13:MX_TIM2_Init	40	static
../Core/Src/main.c:419:13:MX_USART3_UART_Init	8	static
../Core/Src/main.c:449:13:MX_DMA_Init	16	static
../Core/Src/main.c:467:13:MX_GPIO_Init	56	static
../Core/Src/main.c:532:6:HAL_ADC_ConvCpltCallback	24	static,ignoring_inline_asm
../Core/Src/main.c:551:6:StartDefaultTask	16	static
../Core/Src/main.c:571:6:LogMessageTask	32	static
../Core/Src/main.c:595:6:StartClientTask	264	static
../Core/Src/main.c:646:6:StartServerTask	24	static
../Core/Src/main.c:686:6:StartHeartBeatTask	16	static
../Core/Src/main.c:705:6:HAL_TIM_PeriodElapsedCallback	16	static
../Core/Src/main.c:721:6:Error_Handler	4	static
